Passed=3 Failed=0
